{
  "datumtype": [
    {
      "readable_name": "",
      "datum_type_id": 1,
      "sort": 1010,
      "long_definition": null,
      "repr_expression": "name",
      "short_definition": null,
      "active": true,
      "entity_name": "Category",
      "plural_name": "",
      "schema_name": "",
      "datum_group": 1
    },
    {
      "readable_name": "",
      "datum_type_id": 2,
      "sort": 1020,
      "long_definition": null,
      "repr_expression": "name",
      "short_definition": null,
      "active": true,
      "entity_name": "Project",
      "plural_name": "",
      "schema_name": "",
      "datum_group": 1
    },
    {
      "readable_name": "",
      "datum_type_id": 3,
      "sort": 1030,
      "long_definition": null,
      "repr_expression": "name",
      "short_definition": null,
      "active": true,
      "entity_name": "Context",
      "plural_name": "",
      "schema_name": "",
      "datum_group": 1
    },
    {
      "readable_name": "",
      "datum_type_id": 4,
      "sort": 1040,
      "long_definition": null,
      "repr_expression": "name",
      "short_definition": null,
      "active": true,
      "entity_name": "Person",
      "plural_name": "",
      "schema_name": "",
      "datum_group": 1
    },
    {
      "readable_name": "",
      "datum_type_id": 5,
      "sort": 1050,
      "long_definition": null,
      "repr_expression": "name",
      "short_definition": null,
      "active": true,
      "entity_name": "Entity",
      "plural_name": "",
      "schema_name": "",
      "datum_group": 1
    },
    {
      "readable_name": "",
      "datum_type_id": 6,
      "sort": 1060,
      "long_definition": null,
      "repr_expression": "name",
      "short_definition": null,
      "active": true,
      "entity_name": "Location",
      "plural_name": "",
      "schema_name": "",
      "datum_group": 1
    },
    {
      "readable_name": "",
      "datum_type_id": 7,
      "sort": 1070,
      "long_definition": null,
      "repr_expression": "name",
      "short_definition": null,
      "active": true,
      "entity_name": "Contact",
      "plural_name": "",
      "schema_name": "",
      "datum_group": 1
    },
    {
      "readable_name": "",
      "datum_type_id": 8,
      "sort": 2010,
      "long_definition": null,
      "repr_expression": "name",
      "short_definition": null,
      "active": true,
      "entity_name": "Action",
      "plural_name": "",
      "schema_name": "",
      "datum_group": 2
    },
    {
      "readable_name": "",
      "datum_type_id": 9,
      "sort": 2020,
      "long_definition": null,
      "repr_expression": "name",
      "short_definition": null,
      "active": true,
      "entity_name": "Principle",
      "plural_name": "",
      "schema_name": "",
      "datum_group": 2
    },
    {
      "readable_name": "",
      "datum_type_id": 10,
      "sort": 2030,
      "long_definition": null,
      "repr_expression": "name",
      "short_definition": null,
      "active": true,
      "entity_name": "Journal",
      "plural_name": "",
      "schema_name": "",
      "datum_group": 2
    },
    {
      "readable_name": "",
      "datum_type_id": 11,
      "sort": 3010,
      "long_definition": null,
      "repr_expression": "name",
      "short_definition": null,
      "active": true,
      "entity_name": "Schedule",
      "plural_name": "",
      "schema_name": "",
      "datum_group": 3
    },
    {
      "readable_name": "",
      "datum_type_id": 12,
      "sort": 3020,
      "long_definition": null,
      "repr_expression": "name",
      "short_definition": null,
      "active": true,
      "entity_name": "Event",
      "plural_name": "",
      "schema_name": "",
      "datum_group": 3
    },
    {
      "readable_name": "",
      "datum_type_id": 13,
      "sort": 3030,
      "long_definition": null,
      "repr_expression": "name",
      "short_definition": null,
      "active": true,
      "entity_name": "Reminder",
      "plural_name": "",
      "schema_name": "",
      "datum_group": 3
    },
    {
      "readable_name": "",
      "datum_type_id": 14,
      "sort": 4010,
      "long_definition": null,
      "repr_expression": "name",
      "short_definition": null,
      "active": true,
      "entity_name": "Note",
      "plural_name": "",
      "schema_name": "",
      "datum_group": 4
    },
    {
      "readable_name": "",
      "datum_type_id": 15,
      "sort": 4020,
      "long_definition": null,
      "repr_expression": "name",
      "short_definition": null,
      "active": true,
      "entity_name": "File",
      "plural_name": "",
      "schema_name": "",
      "datum_group": 4
    },
    {
      "readable_name": "",
      "datum_type_id": 16,
      "sort": 4030,
      "long_definition": null,
      "repr_expression": "name",
      "short_definition": null,
      "active": true,
      "entity_name": "Directory",
      "plural_name": "",
      "schema_name": "",
      "datum_group": 4
    },
    {
      "readable_name": "",
      "datum_type_id": 17,
      "sort": 4040,
      "long_definition": null,
      "repr_expression": "name",
      "short_definition": null,
      "active": true,
      "entity_name": "Webpage",
      "plural_name": "",
      "schema_name": "",
      "datum_group": 4
    },
    {
      "readable_name": "",
      "datum_type_id": 18,
      "sort": 4050,
      "long_definition": null,
      "repr_expression": "name",
      "short_definition": null,
      "active": true,
      "entity_name": "Message",
      "plural_name": "",
      "schema_name": "",
      "datum_group": 4
    },
    {
      "readable_name": "",
      "datum_type_id": 19,
      "sort": 4060,
      "long_definition": null,
      "repr_expression": "name",
      "short_definition": null,
      "active": true,
      "entity_name": "Post",
      "plural_name": "",
      "schema_name": "",
      "datum_group": 4
    }
  ]
}
